<html>
<body>
<pre>
<h1>µVision Build Log</h1>
<h2>Tool Versions:</h2>
IDE-Version: µVision V5.26.2.0
Copyright (C) 2018 ARM Ltd and ARM Germany GmbH. All rights reserved.
License Information: Naitao Cui, University of Waterloo, LIC=----
 
Tool Versions:
Toolchain:       MDK-Lite  Version: 5.26.2.0
Toolchain Path:  C:\Keil_v5\ARM\ARMCC\Bin
C Compiler:      Armcc.exe V5.06 update 6 (build 750)
Assembler:       Armasm.exe V5.06 update 6 (build 750)
Linker/Locator:  ArmLink.exe V5.06 update 6 (build 750)
Library Manager: ArmAr.exe V5.06 update 6 (build 750)
Hex Converter:   FromElf.exe V5.06 update 6 (build 750)
CPU DLL:         
Dialog DLL:      DCM.DLL V1.17.2.0
Target DLL:      STLink\ST-LINKIII-KEIL_SWO.dll V3.0.5.0
Dialog DLL:      TCM.DLL V1.36.1.0
 
<h2>Project:</h2>
C:\Users\Naitao\Documents\University Year 3\MTE 380\bootleg-stewart-platform\bootleg-steward-platform_uvision5_nucleo_f401re\bootleg-steward-platform\bootleg-steward-platform.uvprojx
Project File Date:  09/18/2019

<h2>Output:</h2>
*** Using Compiler 'V5.06 update 6 (build 750)', folder: 'C:\Keil_v5\ARM\ARMCC\Bin'
Build target 'bootleg-steward-platform'
compiling Servo.cpp...
Servo/Servo.cpp(43): warning:  #1035-D: single-precision operand implicitly converted to double-precision
      float offset = _range * 2.0 * (percent - 0.5);
Servo/Servo.cpp(43): warning:  #1035-D: single-precision operand implicitly converted to double-precision
      float offset = _range * 2.0 * (percent - 0.5);
Servo/Servo.cpp(44): warning:  #1035-D: single-precision operand implicitly converted to double-precision
      _pwm.pulsewidth(0.0015 + clamp(offset, -_range, _range));
Servo/Servo.cpp(50): warning:  #1035-D: single-precision operand implicitly converted to double-precision
      _pwm.pulsewidth(0.0015 + clamp(offset, -_range, _range));
Servo/Servo.cpp: 4 warnings, 0 errors
compiling main.cpp...
linking...
.\BUILD\bootleg-steward-platform.axf: Warning: L6320W: Ignoring --keep command. Cannot find argument 'os_cb_sections'.
Program Size: Code=26622 RO-data=2898 RW-data=156 ZI-data=1316  
Finished: 0 information, 1 warning and 0 error messages.
".\BUILD\bootleg-steward-platform.axf" - 0 Error(s), 5 Warning(s).

<h2>Software Packages used:</h2>

Package Vendor: Keil
                http://www.keil.com/pack/Keil.STM32F4xx_DFP.2.13.0.pack
                Keil.STM32F4xx_DFP.2.13.0
                STMicroelectronics STM32F4 Series Device Support, Drivers and Examples

<h2>Collection of Component include folders:</h2>
  .\RTE\_bootleg-steward-platform
  C:\Keil_v5\ARM\PACK\Keil\STM32F4xx_DFP\2.13.0\Drivers\CMSIS\Device\ST\STM32F4xx\Include

<h2>Collection of Component Files used:</h2>
Build Time Elapsed:  00:00:02
</pre>
</body>
</html>
